// Jest Snapshot v1, https://goo.gl/fbAQLP

exports[`<Input /> renders the Input component correctly 1`] = `
<styled.div>
  <Input
    _hover="black"
    as="input"
    bg="#FFFCF2"
    errorBorderColor="crimson"
    focusBorderColor="#FF8744"
    id={
      Object {
        "addMatchers": [Function],
        "advanceTimersByTime": [Function],
        "advanceTimersToNextTimer": [Function],
        "autoMockOff": [Function],
        "autoMockOn": [Function],
        "clearAllMocks": [Function],
        "clearAllTimers": [Function],
        "deepUnmock": [Function],
        "disableAutomock": [Function],
        "doMock": [Function],
        "dontMock": [Function],
        "enableAutomock": [Function],
        "fn": [Function],
        "genMockFromModule": [Function],
        "getTimerCount": [Function],
        "isMockFunction": [Function],
        "isolateModules": [Function],
        "mock": [Function],
        "requireActual": [Function],
        "requireMock": [Function],
        "resetAllMocks": [Function],
        "resetModuleRegistry": [Function],
        "resetModules": [Function],
        "restoreAllMocks": [Function],
        "retryTimes": [Function],
        "runAllImmediates": [Function],
        "runAllTicks": [Function],
        "runAllTimers": [Function],
        "runOnlyPendingTimers": [Function],
        "runTimersToTime": [Function],
        "setMock": [Function],
        "setTimeout": [Function],
        "spyOn": [Function],
        "unmock": [Function],
        "useFakeTimers": [Function],
        "useRealTimers": [Function],
      }
    }
    isFullWidth={true}
    name={
      Object {
        "addMatchers": [Function],
        "advanceTimersByTime": [Function],
        "advanceTimersToNextTimer": [Function],
        "autoMockOff": [Function],
        "autoMockOn": [Function],
        "clearAllMocks": [Function],
        "clearAllTimers": [Function],
        "deepUnmock": [Function],
        "disableAutomock": [Function],
        "doMock": [Function],
        "dontMock": [Function],
        "enableAutomock": [Function],
        "fn": [Function],
        "genMockFromModule": [Function],
        "getTimerCount": [Function],
        "isMockFunction": [Function],
        "isolateModules": [Function],
        "mock": [Function],
        "requireActual": [Function],
        "requireMock": [Function],
        "resetAllMocks": [Function],
        "resetModuleRegistry": [Function],
        "resetModules": [Function],
        "restoreAllMocks": [Function],
        "retryTimes": [Function],
        "runAllImmediates": [Function],
        "runAllTicks": [Function],
        "runAllTimers": [Function],
        "runOnlyPendingTimers": [Function],
        "runTimersToTime": [Function],
        "setMock": [Function],
        "setTimeout": [Function],
        "spyOn": [Function],
        "unmock": [Function],
        "useFakeTimers": [Function],
        "useRealTimers": [Function],
      }
    }
    onChange={[MockFunction]}
    placeholder={
      Object {
        "addMatchers": [Function],
        "advanceTimersByTime": [Function],
        "advanceTimersToNextTimer": [Function],
        "autoMockOff": [Function],
        "autoMockOn": [Function],
        "clearAllMocks": [Function],
        "clearAllTimers": [Function],
        "deepUnmock": [Function],
        "disableAutomock": [Function],
        "doMock": [Function],
        "dontMock": [Function],
        "enableAutomock": [Function],
        "fn": [Function],
        "genMockFromModule": [Function],
        "getTimerCount": [Function],
        "isMockFunction": [Function],
        "isolateModules": [Function],
        "mock": [Function],
        "requireActual": [Function],
        "requireMock": [Function],
        "resetAllMocks": [Function],
        "resetModuleRegistry": [Function],
        "resetModules": [Function],
        "restoreAllMocks": [Function],
        "retryTimes": [Function],
        "runAllImmediates": [Function],
        "runAllTicks": [Function],
        "runAllTimers": [Function],
        "runOnlyPendingTimers": [Function],
        "runTimersToTime": [Function],
        "setMock": [Function],
        "setTimeout": [Function],
        "spyOn": [Function],
        "unmock": [Function],
        "useFakeTimers": [Function],
        "useRealTimers": [Function],
      }
    }
    size="md"
    type={
      Object {
        "addMatchers": [Function],
        "advanceTimersByTime": [Function],
        "advanceTimersToNextTimer": [Function],
        "autoMockOff": [Function],
        "autoMockOn": [Function],
        "clearAllMocks": [Function],
        "clearAllTimers": [Function],
        "deepUnmock": [Function],
        "disableAutomock": [Function],
        "doMock": [Function],
        "dontMock": [Function],
        "enableAutomock": [Function],
        "fn": [Function],
        "genMockFromModule": [Function],
        "getTimerCount": [Function],
        "isMockFunction": [Function],
        "isolateModules": [Function],
        "mock": [Function],
        "requireActual": [Function],
        "requireMock": [Function],
        "resetAllMocks": [Function],
        "resetModuleRegistry": [Function],
        "resetModules": [Function],
        "restoreAllMocks": [Function],
        "retryTimes": [Function],
        "runAllImmediates": [Function],
        "runAllTicks": [Function],
        "runAllTimers": [Function],
        "runOnlyPendingTimers": [Function],
        "runTimersToTime": [Function],
        "setMock": [Function],
        "setTimeout": [Function],
        "spyOn": [Function],
        "unmock": [Function],
        "useFakeTimers": [Function],
        "useRealTimers": [Function],
      }
    }
    value={
      Object {
        "addMatchers": [Function],
        "advanceTimersByTime": [Function],
        "advanceTimersToNextTimer": [Function],
        "autoMockOff": [Function],
        "autoMockOn": [Function],
        "clearAllMocks": [Function],
        "clearAllTimers": [Function],
        "deepUnmock": [Function],
        "disableAutomock": [Function],
        "doMock": [Function],
        "dontMock": [Function],
        "enableAutomock": [Function],
        "fn": [Function],
        "genMockFromModule": [Function],
        "getTimerCount": [Function],
        "isMockFunction": [Function],
        "isolateModules": [Function],
        "mock": [Function],
        "requireActual": [Function],
        "requireMock": [Function],
        "resetAllMocks": [Function],
        "resetModuleRegistry": [Function],
        "resetModules": [Function],
        "restoreAllMocks": [Function],
        "retryTimes": [Function],
        "runAllImmediates": [Function],
        "runAllTicks": [Function],
        "runAllTimers": [Function],
        "runOnlyPendingTimers": [Function],
        "runTimersToTime": [Function],
        "setMock": [Function],
        "setTimeout": [Function],
        "spyOn": [Function],
        "unmock": [Function],
        "useFakeTimers": [Function],
        "useRealTimers": [Function],
      }
    }
    variant={
      Object {
        "addMatchers": [Function],
        "advanceTimersByTime": [Function],
        "advanceTimersToNextTimer": [Function],
        "autoMockOff": [Function],
        "autoMockOn": [Function],
        "clearAllMocks": [Function],
        "clearAllTimers": [Function],
        "deepUnmock": [Function],
        "disableAutomock": [Function],
        "doMock": [Function],
        "dontMock": [Function],
        "enableAutomock": [Function],
        "fn": [Function],
        "genMockFromModule": [Function],
        "getTimerCount": [Function],
        "isMockFunction": [Function],
        "isolateModules": [Function],
        "mock": [Function],
        "requireActual": [Function],
        "requireMock": [Function],
        "resetAllMocks": [Function],
        "resetModuleRegistry": [Function],
        "resetModules": [Function],
        "restoreAllMocks": [Function],
        "retryTimes": [Function],
        "runAllImmediates": [Function],
        "runAllTicks": [Function],
        "runAllTimers": [Function],
        "runOnlyPendingTimers": [Function],
        "runTimersToTime": [Function],
        "setMock": [Function],
        "setTimeout": [Function],
        "spyOn": [Function],
        "unmock": [Function],
        "useFakeTimers": [Function],
        "useRealTimers": [Function],
      }
    }
  />
  <span>
    <Component />
  </span>
</styled.div>
`;
