// Jest Snapshot v1, https://goo.gl/fbAQLP

exports[`<Preview /> renders the Preview component correctly 1`] = `
<styled.div>
  <div
    className="view"
    style={
      Object {
        "backgroundImage": "url(https://images.unsplash.com/photo-1466761366829-84fd59a22e0b?ixlib=rb-1.2.1&ixid=eyJhcHBfaWQiOjEyMDd9&auto=format&fit=crop&w=1651&q=80)",
      }
    }
  >
    <div
      className="content"
    >
      <h2>
        Login
      </h2>
    </div>
  </div>
</styled.div>
`;
