// Jest Snapshot v1, https://goo.gl/fbAQLP

exports[`<ExerciseList /> renders the ExerciseList component correctly 1`] = `
<styled.div>
  <styled.div>
    <Search
      placeholder="Look for a specific exercise"
    />
    <withApollo(Exercises)
      exerciseName="Recommended Exercises"
      exerciseQuery="RECOMENDED_EXERCISES"
    />
    <withApollo(Exercises)
      exerciseName="Top Rated Exercises"
      exerciseQuery="TOP_RATED_EXERCISES"
    />
  </styled.div>
</styled.div>
`;
